// Jest Snapshot v1, https://goo.gl/fbAQLP

exports[`readConfig should be able to read the example config provisioned in __test_assets__ 1`] = `
{
  "dialect": "10.7",
  "for": {
    "objects": [
      DomainObjectMetadata {
        "decorations": {
          "alias": null,
          "primary": [
            "uuid",
          ],
          "unique": [
            "stationUuid",
            "trainLocatedEventUuid",
          ],
          "updatable": [
            "status",
          ],
        },
        "extends": "DomainEntity",
        "name": "AsyncTaskPredictStationCongestion",
        "properties": {
          "createdAt": DomainObjectPropertyMetadata {
            "name": "createdAt",
            "nullable": false,
            "required": false,
            "type": "DATE",
          },
          "id": DomainObjectPropertyMetadata {
            "name": "id",
            "nullable": false,
            "required": false,
            "type": "NUMBER",
          },
          "stationUuid": DomainObjectPropertyMetadata {
            "name": "stationUuid",
            "nullable": false,
            "required": true,
            "type": "STRING",
          },
          "status": DomainObjectPropertyMetadata {
            "name": "status",
            "nullable": false,
            "of": [
              "HALTED",
              "SCHEDULED",
              "QUEUED",
              "ATTEMPTED",
              "FULFILLED",
              "FAILED",
              "CANCELED",
            ],
            "required": true,
            "type": "ENUM",
          },
          "trainLocatedEventUuid": DomainObjectPropertyMetadata {
            "name": "trainLocatedEventUuid",
            "nullable": false,
            "required": true,
            "type": "STRING",
          },
          "updatedAt": DomainObjectPropertyMetadata {
            "name": "updatedAt",
            "nullable": false,
            "required": false,
            "type": "DATE",
          },
          "uuid": DomainObjectPropertyMetadata {
            "name": "uuid",
            "nullable": false,
            "required": false,
            "type": "STRING",
          },
        },
      },
      DomainObjectMetadata {
        "decorations": {
          "alias": null,
          "primary": [
            "uuid",
          ],
          "unique": [
            "cin",
          ],
          "updatable": [],
        },
        "extends": "DomainEntity",
        "name": "Carriage",
        "properties": {
          "capacity": DomainObjectPropertyMetadata {
            "name": "capacity",
            "nullable": false,
            "required": true,
            "type": "NUMBER",
          },
          "carries": DomainObjectPropertyMetadata {
            "name": "carries",
            "nullable": false,
            "of": [
              "PASSENGER",
              "FREIGHT",
            ],
            "required": true,
            "type": "ENUM",
          },
          "cin": DomainObjectPropertyMetadata {
            "name": "cin",
            "nullable": false,
            "required": true,
            "type": "STRING",
          },
          "id": DomainObjectPropertyMetadata {
            "name": "id",
            "nullable": false,
            "required": false,
            "type": "NUMBER",
          },
          "uuid": DomainObjectPropertyMetadata {
            "name": "uuid",
            "nullable": false,
            "required": false,
            "type": "STRING",
          },
        },
      },
      DomainObjectMetadata {
        "decorations": {
          "alias": null,
          "primary": [
            "uuid",
          ],
          "unique": [
            "itineraryUuid",
            "carriageRef",
            "slot",
          ],
          "updatable": [
            "cargoExid",
          ],
        },
        "extends": "DomainEntity",
        "name": "CarriageCargo",
        "properties": {
          "cargoExid": DomainObjectPropertyMetadata {
            "name": "cargoExid",
            "nullable": true,
            "required": true,
            "type": "STRING",
          },
          "carriageRef": DomainObjectPropertyMetadata {
            "name": "carriageRef",
            "nullable": false,
            "of": DomainObjectReferenceMetadata {
              "extends": "DomainEntity",
              "name": "Carriage",
            },
            "required": true,
            "type": "REFERENCE",
          },
          "id": DomainObjectPropertyMetadata {
            "name": "id",
            "nullable": false,
            "required": false,
            "type": "NUMBER",
          },
          "itineraryUuid": DomainObjectPropertyMetadata {
            "name": "itineraryUuid",
            "nullable": false,
            "required": true,
            "type": "STRING",
          },
          "slot": DomainObjectPropertyMetadata {
            "name": "slot",
            "nullable": false,
            "required": true,
            "type": "NUMBER",
          },
          "uuid": DomainObjectPropertyMetadata {
            "name": "uuid",
            "nullable": false,
            "required": false,
            "type": "STRING",
          },
        },
      },
      DomainObjectMetadata {
        "decorations": {
          "alias": null,
          "primary": null,
          "unique": null,
          "updatable": null,
        },
        "extends": "DomainLiteral",
        "name": "Certificate",
        "properties": {
          "id": DomainObjectPropertyMetadata {
            "name": "id",
            "nullable": false,
            "required": false,
            "type": "NUMBER",
          },
          "industryId": DomainObjectPropertyMetadata {
            "name": "industryId",
            "nullable": false,
            "required": true,
            "type": "STRING",
          },
          "type": DomainObjectPropertyMetadata {
            "name": "type",
            "nullable": false,
            "of": [
              "LOCOMOTIVE_DRIVING",
              "ENGINE_MAINTENANCE",
              "CARRIAGE_MAINTENANCE",
            ],
            "required": true,
            "type": "ENUM",
          },
        },
      },
      DomainObjectMetadata {
        "decorations": {
          "alias": null,
          "primary": null,
          "unique": null,
          "updatable": null,
        },
        "extends": "DomainLiteral",
        "name": "Geocode",
        "properties": {
          "id": DomainObjectPropertyMetadata {
            "name": "id",
            "nullable": false,
            "required": false,
            "type": "NUMBER",
          },
          "latitude": DomainObjectPropertyMetadata {
            "name": "latitude",
            "nullable": false,
            "required": true,
            "type": "NUMBER",
          },
          "longitude": DomainObjectPropertyMetadata {
            "name": "longitude",
            "nullable": false,
            "required": true,
            "type": "NUMBER",
          },
        },
      },
      DomainObjectMetadata {
        "decorations": {
          "alias": null,
          "primary": [
            "uuid",
          ],
          "unique": [
            "externalId",
          ],
          "updatable": [
            "items",
            "totalPrice",
            "status",
          ],
        },
        "extends": "DomainEntity",
        "name": "Invoice",
        "properties": {
          "externalId": DomainObjectPropertyMetadata {
            "name": "externalId",
            "nullable": false,
            "required": true,
            "type": "STRING",
          },
          "id": DomainObjectPropertyMetadata {
            "name": "id",
            "nullable": false,
            "required": false,
            "type": "NUMBER",
          },
          "items": DomainObjectPropertyMetadata {
            "name": "items",
            "nullable": false,
            "of": {
              "nullable": false,
              "of": DomainObjectReferenceMetadata {
                "extends": "DomainLiteral",
                "name": "InvoiceLineItem",
              },
              "required": true,
              "type": "REFERENCE",
            },
            "required": true,
            "type": "ARRAY",
          },
          "status": DomainObjectPropertyMetadata {
            "name": "status",
            "nullable": false,
            "of": [
              "PROPOSED",
              "ISSUED",
              "PAID",
              "REFUNDED",
              "CANCELED",
              "FAILED",
            ],
            "required": true,
            "type": "ENUM",
          },
          "totalPrice": DomainObjectPropertyMetadata {
            "name": "totalPrice",
            "nullable": false,
            "of": DomainObjectReferenceMetadata {
              "extends": "DomainLiteral",
              "name": "Price",
            },
            "required": true,
            "type": "REFERENCE",
          },
          "uuid": DomainObjectPropertyMetadata {
            "name": "uuid",
            "nullable": false,
            "required": false,
            "type": "STRING",
          },
        },
      },
      DomainObjectMetadata {
        "decorations": {
          "alias": null,
          "primary": null,
          "unique": null,
          "updatable": null,
        },
        "extends": "DomainLiteral",
        "name": "InvoiceLineItem",
        "properties": {
          "explanation": DomainObjectPropertyMetadata {
            "name": "explanation",
            "nullable": false,
            "required": true,
            "type": "STRING",
          },
          "id": DomainObjectPropertyMetadata {
            "name": "id",
            "nullable": false,
            "required": false,
            "type": "NUMBER",
          },
          "price": DomainObjectPropertyMetadata {
            "name": "price",
            "nullable": false,
            "of": DomainObjectReferenceMetadata {
              "extends": "DomainLiteral",
              "name": "Price",
            },
            "required": true,
            "type": "REFERENCE",
          },
          "title": DomainObjectPropertyMetadata {
            "name": "title",
            "nullable": false,
            "required": true,
            "type": "STRING",
          },
        },
      },
      DomainObjectMetadata {
        "decorations": {
          "alias": null,
          "primary": [
            "uuid",
          ],
          "unique": [
            "ein",
          ],
          "updatable": [
            "milage",
          ],
        },
        "extends": "DomainEntity",
        "name": "Locomotive",
        "properties": {
          "capacity": DomainObjectPropertyMetadata {
            "name": "capacity",
            "nullable": false,
            "required": true,
            "type": "NUMBER",
          },
          "createdAt": DomainObjectPropertyMetadata {
            "name": "createdAt",
            "nullable": false,
            "required": false,
            "type": "DATE",
          },
          "effectiveAt": DomainObjectPropertyMetadata {
            "name": "effectiveAt",
            "nullable": false,
            "required": false,
            "type": "DATE",
          },
          "ein": DomainObjectPropertyMetadata {
            "name": "ein",
            "nullable": false,
            "required": true,
            "type": "STRING",
          },
          "fuel": DomainObjectPropertyMetadata {
            "name": "fuel",
            "nullable": false,
            "of": [
              "STEAM",
              "COAL",
              "DIESEL",
              "BATTERY",
              "FISSION",
            ],
            "required": true,
            "type": "ENUM",
          },
          "id": DomainObjectPropertyMetadata {
            "name": "id",
            "nullable": false,
            "required": false,
            "type": "NUMBER",
          },
          "milage": DomainObjectPropertyMetadata {
            "name": "milage",
            "nullable": false,
            "required": true,
            "type": "NUMBER",
          },
          "updatedAt": DomainObjectPropertyMetadata {
            "name": "updatedAt",
            "nullable": false,
            "required": false,
            "type": "DATE",
          },
          "uuid": DomainObjectPropertyMetadata {
            "name": "uuid",
            "nullable": false,
            "required": false,
            "type": "STRING",
          },
        },
      },
      DomainObjectMetadata {
        "decorations": {
          "alias": null,
          "primary": null,
          "unique": null,
          "updatable": null,
        },
        "extends": "DomainLiteral",
        "name": "Price",
        "properties": {
          "amount": DomainObjectPropertyMetadata {
            "name": "amount",
            "nullable": false,
            "required": true,
            "type": "NUMBER",
          },
          "currency": DomainObjectPropertyMetadata {
            "name": "currency",
            "nullable": false,
            "of": [
              "USD",
            ],
            "required": true,
            "type": "ENUM",
          },
          "id": DomainObjectPropertyMetadata {
            "name": "id",
            "nullable": false,
            "required": false,
            "type": "NUMBER",
          },
        },
      },
      DomainObjectMetadata {
        "decorations": {
          "alias": null,
          "primary": [
            "uuid",
          ],
          "unique": [
            "combinationId",
          ],
          "updatable": [
            "engineers",
            "status",
          ],
        },
        "extends": "DomainEntity",
        "name": "Train",
        "properties": {
          "carriageUuids": DomainObjectPropertyMetadata {
            "name": "carriageUuids",
            "nullable": false,
            "of": {
              "nullable": false,
              "required": true,
              "type": "STRING",
            },
            "required": true,
            "type": "ARRAY",
          },
          "combinationId": DomainObjectPropertyMetadata {
            "name": "combinationId",
            "nullable": false,
            "required": true,
            "type": "STRING",
          },
          "engineerUuids": DomainObjectPropertyMetadata {
            "name": "engineerUuids",
            "nullable": false,
            "of": {
              "nullable": false,
              "required": true,
              "type": "STRING",
            },
            "required": true,
            "type": "ARRAY",
          },
          "homeStationGeocode": DomainObjectPropertyMetadata {
            "name": "homeStationGeocode",
            "nullable": false,
            "of": DomainObjectReferenceMetadata {
              "extends": "DomainLiteral",
              "name": "Geocode",
            },
            "required": true,
            "type": "REFERENCE",
          },
          "id": DomainObjectPropertyMetadata {
            "name": "id",
            "nullable": false,
            "required": false,
            "type": "NUMBER",
          },
          "leadEngineerUuid": DomainObjectPropertyMetadata {
            "name": "leadEngineerUuid",
            "nullable": false,
            "required": true,
            "type": "STRING",
          },
          "locomotiveUuids": DomainObjectPropertyMetadata {
            "name": "locomotiveUuids",
            "nullable": false,
            "of": {
              "nullable": false,
              "required": true,
              "type": "STRING",
            },
            "required": true,
            "type": "ARRAY",
          },
          "status": DomainObjectPropertyMetadata {
            "name": "status",
            "nullable": false,
            "of": [
              "ASSEMBLED",
              "DISASSEMBLED",
            ],
            "required": true,
            "type": "ENUM",
          },
          "uuid": DomainObjectPropertyMetadata {
            "name": "uuid",
            "nullable": false,
            "required": false,
            "type": "STRING",
          },
        },
      },
      DomainObjectMetadata {
        "decorations": {
          "alias": null,
          "primary": [
            "uuid",
          ],
          "unique": [
            "socialSecurityNumberHash",
          ],
          "updatable": [
            "name",
            "certificates",
            "licenseUuids",
          ],
        },
        "extends": "DomainEntity",
        "name": "TrainEngineer",
        "properties": {
          "certificates": DomainObjectPropertyMetadata {
            "name": "certificates",
            "nullable": false,
            "of": {
              "nullable": false,
              "of": DomainObjectReferenceMetadata {
                "extends": "DomainLiteral",
                "name": "Certificate",
              },
              "required": true,
              "type": "REFERENCE",
            },
            "required": true,
            "type": "ARRAY",
          },
          "id": DomainObjectPropertyMetadata {
            "name": "id",
            "nullable": false,
            "required": false,
            "type": "NUMBER",
          },
          "licenseUuids": DomainObjectPropertyMetadata {
            "name": "licenseUuids",
            "nullable": false,
            "of": {
              "nullable": false,
              "required": true,
              "type": "STRING",
            },
            "required": true,
            "type": "ARRAY",
          },
          "name": DomainObjectPropertyMetadata {
            "name": "name",
            "nullable": false,
            "required": true,
            "type": "STRING",
          },
          "socialSecurityNumberHash": DomainObjectPropertyMetadata {
            "name": "socialSecurityNumberHash",
            "nullable": false,
            "required": true,
            "type": "STRING",
          },
          "uuid": DomainObjectPropertyMetadata {
            "name": "uuid",
            "nullable": false,
            "required": false,
            "type": "STRING",
          },
        },
      },
      DomainObjectMetadata {
        "decorations": {
          "alias": null,
          "primary": [
            "uuid",
          ],
          "unique": [
            "geocode",
          ],
          "updatable": [
            "name",
          ],
        },
        "extends": "DomainEntity",
        "name": "TrainStation",
        "properties": {
          "geocode": DomainObjectPropertyMetadata {
            "name": "geocode",
            "nullable": false,
            "of": DomainObjectReferenceMetadata {
              "extends": "DomainLiteral",
              "name": "Geocode",
            },
            "required": true,
            "type": "REFERENCE",
          },
          "id": DomainObjectPropertyMetadata {
            "name": "id",
            "nullable": false,
            "required": false,
            "type": "NUMBER",
          },
          "name": DomainObjectPropertyMetadata {
            "name": "name",
            "nullable": false,
            "required": true,
            "type": "STRING",
          },
          "uuid": DomainObjectPropertyMetadata {
            "name": "uuid",
            "nullable": false,
            "required": false,
            "type": "STRING",
          },
        },
      },
    ],
  },
  "generates": {
    "code": {
      "config": {
        "content": {
          "generates": {
            "queryFunctions": "src/data/dao/.generated/queryFunctions.ts",
            "types": "src/data/dao/.generated/types.ts",
          },
          "queries": [
            "src/data/dao/**/*.ts",
            "!src/data/dao/**/index.ts",
            "!src/data/dao/**/castFromDatabaseObject.ts",
            "!src/data/dao/**/findByRef.ts",
            "!src/**/*.test.ts",
          ],
          "resources": [
            "provision/schema/sql/tables/**/*.sql",
            "provision/schema/sql/views/**/*.sql",
            "provision/schema/sql/functions/**/*.sql",
          ],
        },
        "path": "codegen.sql.types.yml",
      },
    },
    "control": {
      "config": {
        "content": {
          "definitions": [
            "./sql/domain.yml",
          ],
        },
        "path": "provision/schema/control.yml",
      },
    },
    "daos": {
      "to": "src/data/dao",
      "using": {
        "DatabaseConnection": "src/util/database/getDbConnection#DatabaseConnection",
        "log": "src/util/log#log",
      },
    },
    "schema": {
      "config": {
        "content": {
          "declarations": "provision/schema/declarations/index.ts",
          "generates": {
            "sql": {
              "to": "provision/schema/sql",
            },
          },
        },
        "path": "codegen.sql.schema.yml",
      },
    },
  },
  "language": "postgres",
  "rootDir": Anything,
}
`;
