// Jest Snapshot v1, https://goo.gl/fbAQLP

exports[`defineSqlSchemaGeneratorCodeForDomainObject domain object variants should create a correct looking sql-schema-generator object for a domain-entity 1`] = `
"import { Entity, prop } from 'sql-schema-generator';

/**
 * sql-schema for the domain entity 'Carriage'
 */
export const carriage: Entity = new Entity({
  name: 'carriage',
  properties: {
    cin: prop.VARCHAR(),
    carries: prop.ENUM(['PASSENGER', 'FREIGHT']),
    capacity: { ...prop.NUMERIC(), nullable: true },
  },
  unique: ['cin'],
});"
`;

exports[`defineSqlSchemaGeneratorCodeForDomainObject domain object variants should create a correct looking sql-schema-generator object for a domain-event 1`] = `
"import { Event, prop } from 'sql-schema-generator';

import { geocode } from './geocode';
import { train } from './train';

/**
 * sql-schema for the domain event 'TrainLocatedEvent'
 */
export const trainLocatedEvent: Event = new Event({
  name: 'train_located_event',
  properties: {
    train_id: prop.REFERENCES(train),
    occurred_at: prop.TIMESTAMPTZ(),
    geocode_id: prop.REFERENCES(geocode),
  },
  unique: ['train_id', 'occurred_at'],
});"
`;

exports[`defineSqlSchemaGeneratorCodeForDomainObject domain object variants should create a correct looking sql-schema-generator object for a domain-value-object 1`] = `
"import { prop, ValueObject } from 'sql-schema-generator';

/**
 * sql-schema for the domain value object 'Geocode'
 */
export const geocode: ValueObject = new ValueObject({
  name: 'geocode',
  properties: {
    latitude: prop.NUMERIC(),
    longitude: prop.NUMERIC(),
  },
});"
`;

exports[`defineSqlSchemaGeneratorCodeForDomainObject imports should create an import for each directly nested and uuid inferred reference, sorted 1`] = `
"import { Entity, prop } from 'sql-schema-generator';

import { badge } from './badge';
import { engineer } from './engineer';
import { locomotive } from './locomotive';
import { station } from './station';

/**
 * sql-schema for the domain entity 'Train'
 */
export const train: Entity = new Entity({
  name: 'train',
  properties: {
    home_station_id: { ...prop.REFERENCES(station), updatable: true },
    badge_ids: { ...prop.ARRAY_OF(prop.REFERENCES(badge)), updatable: true },
    locomotive_ids: { ...prop.ARRAY_OF(prop.REFERENCES(locomotive)), updatable: true },
    lead_engineer_id: { ...prop.REFERENCES(engineer), updatable: true },
  },
  unique: ['uuid'],
});"
`;

exports[`defineSqlSchemaGeneratorCodeForDomainObject imports should not have extra new lines if there are no imports 1`] = `
"import { prop, ValueObject } from 'sql-schema-generator';

/**
 * sql-schema for the domain value object 'Geocode'
 */
export const geocode: ValueObject = new ValueObject({
  name: 'geocode',
  properties: {
    latitude: prop.NUMERIC(),
    longitude: prop.NUMERIC(),
  },
});"
`;
