// Jest Snapshot v1, https://goo.gl/fbAQLP

exports[`defineSqlSchemaRelationshipsForDomainObjects should work on the example project 1`] = `
[
  SqlSchemaToDomainObjectRelationship {
    "decorations": {
      "alias": {
        "domainObject": null,
      },
      "unique": {
        "domainObject": [
          "stationUuid",
          "trainLocatedEventUuid",
        ],
        "sqlSchema": [
          "station_id",
          "train_located_event_id",
        ],
      },
    },
    "name": {
      "domainObject": "AsyncTaskPredictStationCongestion",
      "sqlSchema": "async_task_predict_station_congestion",
    },
    "properties": [
      {
        "domainObject": DomainObjectPropertyMetadata {
          "name": "id",
          "nullable": false,
          "required": false,
          "type": "NUMBER",
        },
        "sqlSchema": SqlSchemaPropertyMetadata {
          "isArray": false,
          "isDatabaseGenerated": true,
          "isNullable": false,
          "isUpdatable": false,
          "name": "id",
          "reference": null,
        },
      },
      {
        "domainObject": DomainObjectPropertyMetadata {
          "name": "uuid",
          "nullable": false,
          "required": false,
          "type": "STRING",
        },
        "sqlSchema": SqlSchemaPropertyMetadata {
          "isArray": false,
          "isDatabaseGenerated": true,
          "isNullable": false,
          "isUpdatable": false,
          "name": "uuid",
          "reference": null,
        },
      },
      {
        "domainObject": DomainObjectPropertyMetadata {
          "name": "createdAt",
          "nullable": false,
          "required": false,
          "type": "DATE",
        },
        "sqlSchema": SqlSchemaPropertyMetadata {
          "isArray": false,
          "isDatabaseGenerated": true,
          "isNullable": false,
          "isUpdatable": false,
          "name": "created_at",
          "reference": null,
        },
      },
      {
        "domainObject": null,
        "sqlSchema": SqlSchemaPropertyMetadata {
          "isArray": false,
          "isDatabaseGenerated": true,
          "isNullable": false,
          "isUpdatable": false,
          "name": "effective_at",
          "reference": null,
        },
      },
      {
        "domainObject": DomainObjectPropertyMetadata {
          "name": "updatedAt",
          "nullable": false,
          "required": false,
          "type": "DATE",
        },
        "sqlSchema": SqlSchemaPropertyMetadata {
          "isArray": false,
          "isDatabaseGenerated": true,
          "isNullable": false,
          "isUpdatable": false,
          "name": "updated_at",
          "reference": null,
        },
      },
      {
        "domainObject": DomainObjectPropertyMetadata {
          "name": "status",
          "nullable": false,
          "of": [
            "HALTED",
            "SCHEDULED",
            "QUEUED",
            "ATTEMPTED",
            "FULFILLED",
            "FAILED",
            "CANCELED",
          ],
          "required": true,
          "type": "ENUM",
        },
        "sqlSchema": SqlSchemaPropertyMetadata {
          "isArray": false,
          "isDatabaseGenerated": false,
          "isNullable": false,
          "isUpdatable": true,
          "name": "status",
          "reference": null,
        },
      },
      {
        "domainObject": DomainObjectPropertyMetadata {
          "name": "stationUuid",
          "nullable": false,
          "required": true,
          "type": "STRING",
        },
        "sqlSchema": SqlSchemaPropertyMetadata {
          "isArray": false,
          "isDatabaseGenerated": false,
          "isNullable": false,
          "isUpdatable": false,
          "name": "station_id",
          "reference": SqlSchemaReferenceMetadata {
            "method": "IMPLICIT_BY_UUID",
            "of": DomainObjectReferenceMetadata {
              "extends": "DomainEntity",
              "name": "TrainStation",
            },
          },
        },
      },
      {
        "domainObject": DomainObjectPropertyMetadata {
          "name": "trainLocatedEventUuid",
          "nullable": false,
          "required": true,
          "type": "STRING",
        },
        "sqlSchema": SqlSchemaPropertyMetadata {
          "isArray": false,
          "isDatabaseGenerated": false,
          "isNullable": false,
          "isUpdatable": false,
          "name": "train_located_event_id",
          "reference": SqlSchemaReferenceMetadata {
            "method": "IMPLICIT_BY_UUID",
            "of": DomainObjectReferenceMetadata {
              "extends": "DomainEvent",
              "name": "TrainLocatedEvent",
            },
          },
        },
      },
    ],
  },
  SqlSchemaToDomainObjectRelationship {
    "decorations": {
      "alias": {
        "domainObject": null,
      },
      "unique": {
        "domainObject": [
          "cin",
        ],
        "sqlSchema": [
          "cin",
        ],
      },
    },
    "name": {
      "domainObject": "Carriage",
      "sqlSchema": "carriage",
    },
    "properties": [
      {
        "domainObject": DomainObjectPropertyMetadata {
          "name": "id",
          "nullable": false,
          "required": false,
          "type": "NUMBER",
        },
        "sqlSchema": SqlSchemaPropertyMetadata {
          "isArray": false,
          "isDatabaseGenerated": true,
          "isNullable": false,
          "isUpdatable": false,
          "name": "id",
          "reference": null,
        },
      },
      {
        "domainObject": DomainObjectPropertyMetadata {
          "name": "uuid",
          "nullable": false,
          "required": false,
          "type": "STRING",
        },
        "sqlSchema": SqlSchemaPropertyMetadata {
          "isArray": false,
          "isDatabaseGenerated": true,
          "isNullable": false,
          "isUpdatable": false,
          "name": "uuid",
          "reference": null,
        },
      },
      {
        "domainObject": null,
        "sqlSchema": SqlSchemaPropertyMetadata {
          "isArray": false,
          "isDatabaseGenerated": true,
          "isNullable": false,
          "isUpdatable": false,
          "name": "created_at",
          "reference": null,
        },
      },
      {
        "domainObject": DomainObjectPropertyMetadata {
          "name": "cin",
          "nullable": false,
          "required": true,
          "type": "STRING",
        },
        "sqlSchema": SqlSchemaPropertyMetadata {
          "isArray": false,
          "isDatabaseGenerated": false,
          "isNullable": false,
          "isUpdatable": false,
          "name": "cin",
          "reference": null,
        },
      },
      {
        "domainObject": DomainObjectPropertyMetadata {
          "name": "carries",
          "nullable": false,
          "of": [
            "PASSENGER",
            "FREIGHT",
          ],
          "required": true,
          "type": "ENUM",
        },
        "sqlSchema": SqlSchemaPropertyMetadata {
          "isArray": false,
          "isDatabaseGenerated": false,
          "isNullable": false,
          "isUpdatable": false,
          "name": "carries",
          "reference": null,
        },
      },
      {
        "domainObject": DomainObjectPropertyMetadata {
          "name": "capacity",
          "nullable": false,
          "required": true,
          "type": "NUMBER",
        },
        "sqlSchema": SqlSchemaPropertyMetadata {
          "isArray": false,
          "isDatabaseGenerated": false,
          "isNullable": false,
          "isUpdatable": false,
          "name": "capacity",
          "reference": null,
        },
      },
    ],
  },
  SqlSchemaToDomainObjectRelationship {
    "decorations": {
      "alias": {
        "domainObject": null,
      },
      "unique": {
        "domainObject": [
          "itineraryUuid",
          "carriageRef",
          "slot",
        ],
        "sqlSchema": [
          "itinerary_uuid",
          "carriage_id",
          "slot",
        ],
      },
    },
    "name": {
      "domainObject": "CarriageCargo",
      "sqlSchema": "carriage_cargo",
    },
    "properties": [
      {
        "domainObject": DomainObjectPropertyMetadata {
          "name": "id",
          "nullable": false,
          "required": false,
          "type": "NUMBER",
        },
        "sqlSchema": SqlSchemaPropertyMetadata {
          "isArray": false,
          "isDatabaseGenerated": true,
          "isNullable": false,
          "isUpdatable": false,
          "name": "id",
          "reference": null,
        },
      },
      {
        "domainObject": DomainObjectPropertyMetadata {
          "name": "uuid",
          "nullable": false,
          "required": false,
          "type": "STRING",
        },
        "sqlSchema": SqlSchemaPropertyMetadata {
          "isArray": false,
          "isDatabaseGenerated": true,
          "isNullable": false,
          "isUpdatable": false,
          "name": "uuid",
          "reference": null,
        },
      },
      {
        "domainObject": null,
        "sqlSchema": SqlSchemaPropertyMetadata {
          "isArray": false,
          "isDatabaseGenerated": true,
          "isNullable": false,
          "isUpdatable": false,
          "name": "created_at",
          "reference": null,
        },
      },
      {
        "domainObject": null,
        "sqlSchema": SqlSchemaPropertyMetadata {
          "isArray": false,
          "isDatabaseGenerated": true,
          "isNullable": false,
          "isUpdatable": false,
          "name": "effective_at",
          "reference": null,
        },
      },
      {
        "domainObject": null,
        "sqlSchema": SqlSchemaPropertyMetadata {
          "isArray": false,
          "isDatabaseGenerated": true,
          "isNullable": false,
          "isUpdatable": false,
          "name": "updated_at",
          "reference": null,
        },
      },
      {
        "domainObject": DomainObjectPropertyMetadata {
          "name": "itineraryUuid",
          "nullable": false,
          "required": true,
          "type": "STRING",
        },
        "sqlSchema": SqlSchemaPropertyMetadata {
          "isArray": false,
          "isDatabaseGenerated": false,
          "isNullable": false,
          "isUpdatable": false,
          "name": "itinerary_uuid",
          "reference": null,
        },
      },
      {
        "domainObject": DomainObjectPropertyMetadata {
          "name": "carriageRef",
          "nullable": false,
          "of": DomainObjectReferenceMetadata {
            "extends": "DomainEntity",
            "name": "Carriage",
          },
          "required": true,
          "type": "REFERENCE",
        },
        "sqlSchema": SqlSchemaPropertyMetadata {
          "isArray": false,
          "isDatabaseGenerated": false,
          "isNullable": false,
          "isUpdatable": false,
          "name": "carriage_id",
          "reference": SqlSchemaReferenceMetadata {
            "method": "DIRECT_BY_DECLARATION",
            "of": DomainObjectReferenceMetadata {
              "extends": "DomainEntity",
              "name": "Carriage",
            },
          },
        },
      },
      {
        "domainObject": DomainObjectPropertyMetadata {
          "name": "slot",
          "nullable": false,
          "required": true,
          "type": "NUMBER",
        },
        "sqlSchema": SqlSchemaPropertyMetadata {
          "isArray": false,
          "isDatabaseGenerated": false,
          "isNullable": false,
          "isUpdatable": false,
          "name": "slot",
          "reference": null,
        },
      },
      {
        "domainObject": DomainObjectPropertyMetadata {
          "name": "cargoExid",
          "nullable": true,
          "required": true,
          "type": "STRING",
        },
        "sqlSchema": SqlSchemaPropertyMetadata {
          "isArray": false,
          "isDatabaseGenerated": false,
          "isNullable": true,
          "isUpdatable": true,
          "name": "cargo_exid",
          "reference": null,
        },
      },
    ],
  },
  SqlSchemaToDomainObjectRelationship {
    "decorations": {
      "alias": {
        "domainObject": null,
      },
      "unique": {
        "domainObject": null,
        "sqlSchema": [
          "type",
          "industry_id",
        ],
      },
    },
    "name": {
      "domainObject": "Certificate",
      "sqlSchema": "certificate",
    },
    "properties": [
      {
        "domainObject": DomainObjectPropertyMetadata {
          "name": "id",
          "nullable": false,
          "required": false,
          "type": "NUMBER",
        },
        "sqlSchema": SqlSchemaPropertyMetadata {
          "isArray": false,
          "isDatabaseGenerated": true,
          "isNullable": false,
          "isUpdatable": false,
          "name": "id",
          "reference": null,
        },
      },
      {
        "domainObject": null,
        "sqlSchema": SqlSchemaPropertyMetadata {
          "isArray": false,
          "isDatabaseGenerated": true,
          "isNullable": false,
          "isUpdatable": false,
          "name": "uuid",
          "reference": null,
        },
      },
      {
        "domainObject": null,
        "sqlSchema": SqlSchemaPropertyMetadata {
          "isArray": false,
          "isDatabaseGenerated": true,
          "isNullable": false,
          "isUpdatable": false,
          "name": "created_at",
          "reference": null,
        },
      },
      {
        "domainObject": DomainObjectPropertyMetadata {
          "name": "type",
          "nullable": false,
          "of": [
            "LOCOMOTIVE_DRIVING",
            "ENGINE_MAINTENANCE",
            "CARRIAGE_MAINTENANCE",
          ],
          "required": true,
          "type": "ENUM",
        },
        "sqlSchema": SqlSchemaPropertyMetadata {
          "isArray": false,
          "isDatabaseGenerated": false,
          "isNullable": false,
          "isUpdatable": false,
          "name": "type",
          "reference": null,
        },
      },
      {
        "domainObject": DomainObjectPropertyMetadata {
          "name": "industryId",
          "nullable": false,
          "required": true,
          "type": "STRING",
        },
        "sqlSchema": SqlSchemaPropertyMetadata {
          "isArray": false,
          "isDatabaseGenerated": false,
          "isNullable": false,
          "isUpdatable": false,
          "name": "industry_id",
          "reference": null,
        },
      },
    ],
  },
  SqlSchemaToDomainObjectRelationship {
    "decorations": {
      "alias": {
        "domainObject": null,
      },
      "unique": {
        "domainObject": [
          "socialSecurityNumberHash",
        ],
        "sqlSchema": [
          "social_security_number_hash",
        ],
      },
    },
    "name": {
      "domainObject": "TrainEngineer",
      "sqlSchema": "train_engineer",
    },
    "properties": [
      {
        "domainObject": DomainObjectPropertyMetadata {
          "name": "id",
          "nullable": false,
          "required": false,
          "type": "NUMBER",
        },
        "sqlSchema": SqlSchemaPropertyMetadata {
          "isArray": false,
          "isDatabaseGenerated": true,
          "isNullable": false,
          "isUpdatable": false,
          "name": "id",
          "reference": null,
        },
      },
      {
        "domainObject": DomainObjectPropertyMetadata {
          "name": "uuid",
          "nullable": false,
          "required": false,
          "type": "STRING",
        },
        "sqlSchema": SqlSchemaPropertyMetadata {
          "isArray": false,
          "isDatabaseGenerated": true,
          "isNullable": false,
          "isUpdatable": false,
          "name": "uuid",
          "reference": null,
        },
      },
      {
        "domainObject": null,
        "sqlSchema": SqlSchemaPropertyMetadata {
          "isArray": false,
          "isDatabaseGenerated": true,
          "isNullable": false,
          "isUpdatable": false,
          "name": "created_at",
          "reference": null,
        },
      },
      {
        "domainObject": null,
        "sqlSchema": SqlSchemaPropertyMetadata {
          "isArray": false,
          "isDatabaseGenerated": true,
          "isNullable": false,
          "isUpdatable": false,
          "name": "effective_at",
          "reference": null,
        },
      },
      {
        "domainObject": null,
        "sqlSchema": SqlSchemaPropertyMetadata {
          "isArray": false,
          "isDatabaseGenerated": true,
          "isNullable": false,
          "isUpdatable": false,
          "name": "updated_at",
          "reference": null,
        },
      },
      {
        "domainObject": DomainObjectPropertyMetadata {
          "name": "socialSecurityNumberHash",
          "nullable": false,
          "required": true,
          "type": "STRING",
        },
        "sqlSchema": SqlSchemaPropertyMetadata {
          "isArray": false,
          "isDatabaseGenerated": false,
          "isNullable": false,
          "isUpdatable": false,
          "name": "social_security_number_hash",
          "reference": null,
        },
      },
      {
        "domainObject": DomainObjectPropertyMetadata {
          "name": "certificates",
          "nullable": false,
          "of": {
            "nullable": false,
            "of": DomainObjectReferenceMetadata {
              "extends": "DomainLiteral",
              "name": "Certificate",
            },
            "required": true,
            "type": "REFERENCE",
          },
          "required": true,
          "type": "ARRAY",
        },
        "sqlSchema": SqlSchemaPropertyMetadata {
          "isArray": true,
          "isDatabaseGenerated": false,
          "isNullable": false,
          "isUpdatable": true,
          "name": "certificate_ids",
          "reference": SqlSchemaReferenceMetadata {
            "method": "DIRECT_BY_NESTING",
            "of": DomainObjectReferenceMetadata {
              "extends": "DomainLiteral",
              "name": "Certificate",
            },
          },
        },
      },
      {
        "domainObject": DomainObjectPropertyMetadata {
          "name": "licenseUuids",
          "nullable": false,
          "of": {
            "nullable": false,
            "required": true,
            "type": "STRING",
          },
          "required": true,
          "type": "ARRAY",
        },
        "sqlSchema": SqlSchemaPropertyMetadata {
          "isArray": true,
          "isDatabaseGenerated": false,
          "isNullable": false,
          "isUpdatable": true,
          "name": "license_uuids",
          "reference": null,
        },
      },
      {
        "domainObject": DomainObjectPropertyMetadata {
          "name": "name",
          "nullable": false,
          "required": true,
          "type": "STRING",
        },
        "sqlSchema": SqlSchemaPropertyMetadata {
          "isArray": false,
          "isDatabaseGenerated": false,
          "isNullable": false,
          "isUpdatable": true,
          "name": "name",
          "reference": null,
        },
      },
    ],
  },
  SqlSchemaToDomainObjectRelationship {
    "decorations": {
      "alias": {
        "domainObject": null,
      },
      "unique": {
        "domainObject": null,
        "sqlSchema": [
          "latitude",
          "longitude",
        ],
      },
    },
    "name": {
      "domainObject": "Geocode",
      "sqlSchema": "geocode",
    },
    "properties": [
      {
        "domainObject": DomainObjectPropertyMetadata {
          "name": "id",
          "nullable": false,
          "required": false,
          "type": "NUMBER",
        },
        "sqlSchema": SqlSchemaPropertyMetadata {
          "isArray": false,
          "isDatabaseGenerated": true,
          "isNullable": false,
          "isUpdatable": false,
          "name": "id",
          "reference": null,
        },
      },
      {
        "domainObject": null,
        "sqlSchema": SqlSchemaPropertyMetadata {
          "isArray": false,
          "isDatabaseGenerated": true,
          "isNullable": false,
          "isUpdatable": false,
          "name": "uuid",
          "reference": null,
        },
      },
      {
        "domainObject": null,
        "sqlSchema": SqlSchemaPropertyMetadata {
          "isArray": false,
          "isDatabaseGenerated": true,
          "isNullable": false,
          "isUpdatable": false,
          "name": "created_at",
          "reference": null,
        },
      },
      {
        "domainObject": DomainObjectPropertyMetadata {
          "name": "latitude",
          "nullable": false,
          "required": true,
          "type": "NUMBER",
        },
        "sqlSchema": SqlSchemaPropertyMetadata {
          "isArray": false,
          "isDatabaseGenerated": false,
          "isNullable": false,
          "isUpdatable": false,
          "name": "latitude",
          "reference": null,
        },
      },
      {
        "domainObject": DomainObjectPropertyMetadata {
          "name": "longitude",
          "nullable": false,
          "required": true,
          "type": "NUMBER",
        },
        "sqlSchema": SqlSchemaPropertyMetadata {
          "isArray": false,
          "isDatabaseGenerated": false,
          "isNullable": false,
          "isUpdatable": false,
          "name": "longitude",
          "reference": null,
        },
      },
    ],
  },
  SqlSchemaToDomainObjectRelationship {
    "decorations": {
      "alias": {
        "domainObject": null,
      },
      "unique": {
        "domainObject": [
          "combinationId",
        ],
        "sqlSchema": [
          "combination_id",
        ],
      },
    },
    "name": {
      "domainObject": "Train",
      "sqlSchema": "train",
    },
    "properties": [
      {
        "domainObject": DomainObjectPropertyMetadata {
          "name": "id",
          "nullable": false,
          "required": false,
          "type": "NUMBER",
        },
        "sqlSchema": SqlSchemaPropertyMetadata {
          "isArray": false,
          "isDatabaseGenerated": true,
          "isNullable": false,
          "isUpdatable": false,
          "name": "id",
          "reference": null,
        },
      },
      {
        "domainObject": DomainObjectPropertyMetadata {
          "name": "uuid",
          "nullable": false,
          "required": false,
          "type": "STRING",
        },
        "sqlSchema": SqlSchemaPropertyMetadata {
          "isArray": false,
          "isDatabaseGenerated": true,
          "isNullable": false,
          "isUpdatable": false,
          "name": "uuid",
          "reference": null,
        },
      },
      {
        "domainObject": null,
        "sqlSchema": SqlSchemaPropertyMetadata {
          "isArray": false,
          "isDatabaseGenerated": true,
          "isNullable": false,
          "isUpdatable": false,
          "name": "created_at",
          "reference": null,
        },
      },
      {
        "domainObject": null,
        "sqlSchema": SqlSchemaPropertyMetadata {
          "isArray": false,
          "isDatabaseGenerated": true,
          "isNullable": false,
          "isUpdatable": false,
          "name": "effective_at",
          "reference": null,
        },
      },
      {
        "domainObject": null,
        "sqlSchema": SqlSchemaPropertyMetadata {
          "isArray": false,
          "isDatabaseGenerated": true,
          "isNullable": false,
          "isUpdatable": false,
          "name": "updated_at",
          "reference": null,
        },
      },
      {
        "domainObject": DomainObjectPropertyMetadata {
          "name": "homeStationGeocode",
          "nullable": false,
          "of": DomainObjectReferenceMetadata {
            "extends": "DomainLiteral",
            "name": "Geocode",
          },
          "required": true,
          "type": "REFERENCE",
        },
        "sqlSchema": SqlSchemaPropertyMetadata {
          "isArray": false,
          "isDatabaseGenerated": false,
          "isNullable": false,
          "isUpdatable": false,
          "name": "home_station_geocode_id",
          "reference": SqlSchemaReferenceMetadata {
            "method": "DIRECT_BY_NESTING",
            "of": DomainObjectReferenceMetadata {
              "extends": "DomainLiteral",
              "name": "Geocode",
            },
          },
        },
      },
      {
        "domainObject": DomainObjectPropertyMetadata {
          "name": "combinationId",
          "nullable": false,
          "required": true,
          "type": "STRING",
        },
        "sqlSchema": SqlSchemaPropertyMetadata {
          "isArray": false,
          "isDatabaseGenerated": false,
          "isNullable": false,
          "isUpdatable": false,
          "name": "combination_id",
          "reference": null,
        },
      },
      {
        "domainObject": DomainObjectPropertyMetadata {
          "name": "locomotiveUuids",
          "nullable": false,
          "of": {
            "nullable": false,
            "required": true,
            "type": "STRING",
          },
          "required": true,
          "type": "ARRAY",
        },
        "sqlSchema": SqlSchemaPropertyMetadata {
          "isArray": true,
          "isDatabaseGenerated": false,
          "isNullable": false,
          "isUpdatable": false,
          "name": "locomotive_ids",
          "reference": SqlSchemaReferenceMetadata {
            "method": "IMPLICIT_BY_UUID",
            "of": DomainObjectReferenceMetadata {
              "extends": "DomainEntity",
              "name": "Locomotive",
            },
          },
        },
      },
      {
        "domainObject": DomainObjectPropertyMetadata {
          "name": "carriageUuids",
          "nullable": false,
          "of": {
            "nullable": false,
            "required": true,
            "type": "STRING",
          },
          "required": true,
          "type": "ARRAY",
        },
        "sqlSchema": SqlSchemaPropertyMetadata {
          "isArray": true,
          "isDatabaseGenerated": false,
          "isNullable": false,
          "isUpdatable": false,
          "name": "carriage_ids",
          "reference": SqlSchemaReferenceMetadata {
            "method": "IMPLICIT_BY_UUID",
            "of": DomainObjectReferenceMetadata {
              "extends": "DomainEntity",
              "name": "Carriage",
            },
          },
        },
      },
      {
        "domainObject": DomainObjectPropertyMetadata {
          "name": "engineerUuids",
          "nullable": false,
          "of": {
            "nullable": false,
            "required": true,
            "type": "STRING",
          },
          "required": true,
          "type": "ARRAY",
        },
        "sqlSchema": SqlSchemaPropertyMetadata {
          "isArray": true,
          "isDatabaseGenerated": false,
          "isNullable": false,
          "isUpdatable": false,
          "name": "engineer_ids",
          "reference": SqlSchemaReferenceMetadata {
            "method": "IMPLICIT_BY_UUID",
            "of": DomainObjectReferenceMetadata {
              "extends": "DomainEntity",
              "name": "TrainEngineer",
            },
          },
        },
      },
      {
        "domainObject": DomainObjectPropertyMetadata {
          "name": "leadEngineerUuid",
          "nullable": false,
          "required": true,
          "type": "STRING",
        },
        "sqlSchema": SqlSchemaPropertyMetadata {
          "isArray": false,
          "isDatabaseGenerated": false,
          "isNullable": false,
          "isUpdatable": false,
          "name": "lead_engineer_id",
          "reference": SqlSchemaReferenceMetadata {
            "method": "IMPLICIT_BY_UUID",
            "of": DomainObjectReferenceMetadata {
              "extends": "DomainEntity",
              "name": "TrainEngineer",
            },
          },
        },
      },
      {
        "domainObject": DomainObjectPropertyMetadata {
          "name": "status",
          "nullable": false,
          "of": [
            "ASSEMBLED",
            "DISASSEMBLED",
          ],
          "required": true,
          "type": "ENUM",
        },
        "sqlSchema": SqlSchemaPropertyMetadata {
          "isArray": false,
          "isDatabaseGenerated": false,
          "isNullable": false,
          "isUpdatable": true,
          "name": "status",
          "reference": null,
        },
      },
    ],
  },
  SqlSchemaToDomainObjectRelationship {
    "decorations": {
      "alias": {
        "domainObject": null,
      },
      "unique": {
        "domainObject": [
          "ein",
        ],
        "sqlSchema": [
          "ein",
        ],
      },
    },
    "name": {
      "domainObject": "Locomotive",
      "sqlSchema": "locomotive",
    },
    "properties": [
      {
        "domainObject": DomainObjectPropertyMetadata {
          "name": "id",
          "nullable": false,
          "required": false,
          "type": "NUMBER",
        },
        "sqlSchema": SqlSchemaPropertyMetadata {
          "isArray": false,
          "isDatabaseGenerated": true,
          "isNullable": false,
          "isUpdatable": false,
          "name": "id",
          "reference": null,
        },
      },
      {
        "domainObject": DomainObjectPropertyMetadata {
          "name": "uuid",
          "nullable": false,
          "required": false,
          "type": "STRING",
        },
        "sqlSchema": SqlSchemaPropertyMetadata {
          "isArray": false,
          "isDatabaseGenerated": true,
          "isNullable": false,
          "isUpdatable": false,
          "name": "uuid",
          "reference": null,
        },
      },
      {
        "domainObject": DomainObjectPropertyMetadata {
          "name": "createdAt",
          "nullable": false,
          "required": false,
          "type": "DATE",
        },
        "sqlSchema": SqlSchemaPropertyMetadata {
          "isArray": false,
          "isDatabaseGenerated": true,
          "isNullable": false,
          "isUpdatable": false,
          "name": "created_at",
          "reference": null,
        },
      },
      {
        "domainObject": DomainObjectPropertyMetadata {
          "name": "effectiveAt",
          "nullable": false,
          "required": false,
          "type": "DATE",
        },
        "sqlSchema": SqlSchemaPropertyMetadata {
          "isArray": false,
          "isDatabaseGenerated": true,
          "isNullable": false,
          "isUpdatable": false,
          "name": "effective_at",
          "reference": null,
        },
      },
      {
        "domainObject": DomainObjectPropertyMetadata {
          "name": "updatedAt",
          "nullable": false,
          "required": false,
          "type": "DATE",
        },
        "sqlSchema": SqlSchemaPropertyMetadata {
          "isArray": false,
          "isDatabaseGenerated": true,
          "isNullable": false,
          "isUpdatable": false,
          "name": "updated_at",
          "reference": null,
        },
      },
      {
        "domainObject": DomainObjectPropertyMetadata {
          "name": "ein",
          "nullable": false,
          "required": true,
          "type": "STRING",
        },
        "sqlSchema": SqlSchemaPropertyMetadata {
          "isArray": false,
          "isDatabaseGenerated": false,
          "isNullable": false,
          "isUpdatable": false,
          "name": "ein",
          "reference": null,
        },
      },
      {
        "domainObject": DomainObjectPropertyMetadata {
          "name": "fuel",
          "nullable": false,
          "of": [
            "STEAM",
            "COAL",
            "DIESEL",
            "BATTERY",
            "FISSION",
          ],
          "required": true,
          "type": "ENUM",
        },
        "sqlSchema": SqlSchemaPropertyMetadata {
          "isArray": false,
          "isDatabaseGenerated": false,
          "isNullable": false,
          "isUpdatable": false,
          "name": "fuel",
          "reference": null,
        },
      },
      {
        "domainObject": DomainObjectPropertyMetadata {
          "name": "capacity",
          "nullable": false,
          "required": true,
          "type": "NUMBER",
        },
        "sqlSchema": SqlSchemaPropertyMetadata {
          "isArray": false,
          "isDatabaseGenerated": false,
          "isNullable": false,
          "isUpdatable": false,
          "name": "capacity",
          "reference": null,
        },
      },
      {
        "domainObject": DomainObjectPropertyMetadata {
          "name": "milage",
          "nullable": false,
          "required": true,
          "type": "NUMBER",
        },
        "sqlSchema": SqlSchemaPropertyMetadata {
          "isArray": false,
          "isDatabaseGenerated": false,
          "isNullable": false,
          "isUpdatable": true,
          "name": "milage",
          "reference": null,
        },
      },
    ],
  },
  SqlSchemaToDomainObjectRelationship {
    "decorations": {
      "alias": {
        "domainObject": null,
      },
      "unique": {
        "domainObject": [
          "trainUuid",
          "occurredAt",
        ],
        "sqlSchema": [
          "train_id",
          "occurred_at",
        ],
      },
    },
    "name": {
      "domainObject": "TrainLocatedEvent",
      "sqlSchema": "train_located_event",
    },
    "properties": [
      {
        "domainObject": DomainObjectPropertyMetadata {
          "name": "id",
          "nullable": false,
          "required": false,
          "type": "NUMBER",
        },
        "sqlSchema": SqlSchemaPropertyMetadata {
          "isArray": false,
          "isDatabaseGenerated": true,
          "isNullable": false,
          "isUpdatable": false,
          "name": "id",
          "reference": null,
        },
      },
      {
        "domainObject": null,
        "sqlSchema": SqlSchemaPropertyMetadata {
          "isArray": false,
          "isDatabaseGenerated": true,
          "isNullable": false,
          "isUpdatable": false,
          "name": "uuid",
          "reference": null,
        },
      },
      {
        "domainObject": null,
        "sqlSchema": SqlSchemaPropertyMetadata {
          "isArray": false,
          "isDatabaseGenerated": true,
          "isNullable": false,
          "isUpdatable": false,
          "name": "created_at",
          "reference": null,
        },
      },
      {
        "domainObject": DomainObjectPropertyMetadata {
          "name": "trainUuid",
          "nullable": false,
          "required": true,
          "type": "STRING",
        },
        "sqlSchema": SqlSchemaPropertyMetadata {
          "isArray": false,
          "isDatabaseGenerated": false,
          "isNullable": false,
          "isUpdatable": false,
          "name": "train_id",
          "reference": SqlSchemaReferenceMetadata {
            "method": "IMPLICIT_BY_UUID",
            "of": DomainObjectReferenceMetadata {
              "extends": "DomainEntity",
              "name": "Train",
            },
          },
        },
      },
      {
        "domainObject": DomainObjectPropertyMetadata {
          "name": "occurredAt",
          "nullable": false,
          "required": true,
          "type": "STRING",
        },
        "sqlSchema": SqlSchemaPropertyMetadata {
          "isArray": false,
          "isDatabaseGenerated": false,
          "isNullable": false,
          "isUpdatable": false,
          "name": "occurred_at",
          "reference": null,
        },
      },
      {
        "domainObject": DomainObjectPropertyMetadata {
          "name": "geocode",
          "nullable": false,
          "of": DomainObjectReferenceMetadata {
            "extends": "DomainLiteral",
            "name": "Geocode",
          },
          "required": true,
          "type": "REFERENCE",
        },
        "sqlSchema": SqlSchemaPropertyMetadata {
          "isArray": false,
          "isDatabaseGenerated": false,
          "isNullable": false,
          "isUpdatable": false,
          "name": "geocode_id",
          "reference": SqlSchemaReferenceMetadata {
            "method": "DIRECT_BY_NESTING",
            "of": DomainObjectReferenceMetadata {
              "extends": "DomainLiteral",
              "name": "Geocode",
            },
          },
        },
      },
    ],
  },
  SqlSchemaToDomainObjectRelationship {
    "decorations": {
      "alias": {
        "domainObject": null,
      },
      "unique": {
        "domainObject": [
          "geocode",
        ],
        "sqlSchema": [
          "geocode_id",
        ],
      },
    },
    "name": {
      "domainObject": "TrainStation",
      "sqlSchema": "train_station",
    },
    "properties": [
      {
        "domainObject": DomainObjectPropertyMetadata {
          "name": "id",
          "nullable": false,
          "required": false,
          "type": "NUMBER",
        },
        "sqlSchema": SqlSchemaPropertyMetadata {
          "isArray": false,
          "isDatabaseGenerated": true,
          "isNullable": false,
          "isUpdatable": false,
          "name": "id",
          "reference": null,
        },
      },
      {
        "domainObject": DomainObjectPropertyMetadata {
          "name": "uuid",
          "nullable": false,
          "required": false,
          "type": "STRING",
        },
        "sqlSchema": SqlSchemaPropertyMetadata {
          "isArray": false,
          "isDatabaseGenerated": true,
          "isNullable": false,
          "isUpdatable": false,
          "name": "uuid",
          "reference": null,
        },
      },
      {
        "domainObject": null,
        "sqlSchema": SqlSchemaPropertyMetadata {
          "isArray": false,
          "isDatabaseGenerated": true,
          "isNullable": false,
          "isUpdatable": false,
          "name": "created_at",
          "reference": null,
        },
      },
      {
        "domainObject": null,
        "sqlSchema": SqlSchemaPropertyMetadata {
          "isArray": false,
          "isDatabaseGenerated": true,
          "isNullable": false,
          "isUpdatable": false,
          "name": "effective_at",
          "reference": null,
        },
      },
      {
        "domainObject": null,
        "sqlSchema": SqlSchemaPropertyMetadata {
          "isArray": false,
          "isDatabaseGenerated": true,
          "isNullable": false,
          "isUpdatable": false,
          "name": "updated_at",
          "reference": null,
        },
      },
      {
        "domainObject": DomainObjectPropertyMetadata {
          "name": "geocode",
          "nullable": false,
          "of": DomainObjectReferenceMetadata {
            "extends": "DomainLiteral",
            "name": "Geocode",
          },
          "required": true,
          "type": "REFERENCE",
        },
        "sqlSchema": SqlSchemaPropertyMetadata {
          "isArray": false,
          "isDatabaseGenerated": false,
          "isNullable": false,
          "isUpdatable": false,
          "name": "geocode_id",
          "reference": SqlSchemaReferenceMetadata {
            "method": "DIRECT_BY_NESTING",
            "of": DomainObjectReferenceMetadata {
              "extends": "DomainLiteral",
              "name": "Geocode",
            },
          },
        },
      },
      {
        "domainObject": DomainObjectPropertyMetadata {
          "name": "name",
          "nullable": false,
          "required": true,
          "type": "STRING",
        },
        "sqlSchema": SqlSchemaPropertyMetadata {
          "isArray": false,
          "isDatabaseGenerated": false,
          "isNullable": false,
          "isUpdatable": true,
          "name": "name",
          "reference": null,
        },
      },
    ],
  },
  SqlSchemaToDomainObjectRelationship {
    "decorations": {
      "alias": {
        "domainObject": null,
      },
      "unique": {
        "domainObject": null,
        "sqlSchema": [
          "amount",
          "currency",
        ],
      },
    },
    "name": {
      "domainObject": "Price",
      "sqlSchema": "price",
    },
    "properties": [
      {
        "domainObject": DomainObjectPropertyMetadata {
          "name": "id",
          "nullable": false,
          "required": false,
          "type": "NUMBER",
        },
        "sqlSchema": SqlSchemaPropertyMetadata {
          "isArray": false,
          "isDatabaseGenerated": true,
          "isNullable": false,
          "isUpdatable": false,
          "name": "id",
          "reference": null,
        },
      },
      {
        "domainObject": null,
        "sqlSchema": SqlSchemaPropertyMetadata {
          "isArray": false,
          "isDatabaseGenerated": true,
          "isNullable": false,
          "isUpdatable": false,
          "name": "uuid",
          "reference": null,
        },
      },
      {
        "domainObject": null,
        "sqlSchema": SqlSchemaPropertyMetadata {
          "isArray": false,
          "isDatabaseGenerated": true,
          "isNullable": false,
          "isUpdatable": false,
          "name": "created_at",
          "reference": null,
        },
      },
      {
        "domainObject": DomainObjectPropertyMetadata {
          "name": "amount",
          "nullable": false,
          "required": true,
          "type": "NUMBER",
        },
        "sqlSchema": SqlSchemaPropertyMetadata {
          "isArray": false,
          "isDatabaseGenerated": false,
          "isNullable": false,
          "isUpdatable": false,
          "name": "amount",
          "reference": null,
        },
      },
      {
        "domainObject": DomainObjectPropertyMetadata {
          "name": "currency",
          "nullable": false,
          "of": [
            "USD",
          ],
          "required": true,
          "type": "ENUM",
        },
        "sqlSchema": SqlSchemaPropertyMetadata {
          "isArray": false,
          "isDatabaseGenerated": false,
          "isNullable": false,
          "isUpdatable": false,
          "name": "currency",
          "reference": null,
        },
      },
    ],
  },
  SqlSchemaToDomainObjectRelationship {
    "decorations": {
      "alias": {
        "domainObject": null,
      },
      "unique": {
        "domainObject": null,
        "sqlSchema": [
          "price_id",
          "title",
          "explanation",
        ],
      },
    },
    "name": {
      "domainObject": "InvoiceLineItem",
      "sqlSchema": "invoice_line_item",
    },
    "properties": [
      {
        "domainObject": DomainObjectPropertyMetadata {
          "name": "id",
          "nullable": false,
          "required": false,
          "type": "NUMBER",
        },
        "sqlSchema": SqlSchemaPropertyMetadata {
          "isArray": false,
          "isDatabaseGenerated": true,
          "isNullable": false,
          "isUpdatable": false,
          "name": "id",
          "reference": null,
        },
      },
      {
        "domainObject": null,
        "sqlSchema": SqlSchemaPropertyMetadata {
          "isArray": false,
          "isDatabaseGenerated": true,
          "isNullable": false,
          "isUpdatable": false,
          "name": "uuid",
          "reference": null,
        },
      },
      {
        "domainObject": null,
        "sqlSchema": SqlSchemaPropertyMetadata {
          "isArray": false,
          "isDatabaseGenerated": true,
          "isNullable": false,
          "isUpdatable": false,
          "name": "created_at",
          "reference": null,
        },
      },
      {
        "domainObject": DomainObjectPropertyMetadata {
          "name": "price",
          "nullable": false,
          "of": DomainObjectReferenceMetadata {
            "extends": "DomainLiteral",
            "name": "Price",
          },
          "required": true,
          "type": "REFERENCE",
        },
        "sqlSchema": SqlSchemaPropertyMetadata {
          "isArray": false,
          "isDatabaseGenerated": false,
          "isNullable": false,
          "isUpdatable": false,
          "name": "price_id",
          "reference": SqlSchemaReferenceMetadata {
            "method": "DIRECT_BY_NESTING",
            "of": DomainObjectReferenceMetadata {
              "extends": "DomainLiteral",
              "name": "Price",
            },
          },
        },
      },
      {
        "domainObject": DomainObjectPropertyMetadata {
          "name": "title",
          "nullable": false,
          "required": true,
          "type": "STRING",
        },
        "sqlSchema": SqlSchemaPropertyMetadata {
          "isArray": false,
          "isDatabaseGenerated": false,
          "isNullable": false,
          "isUpdatable": false,
          "name": "title",
          "reference": null,
        },
      },
      {
        "domainObject": DomainObjectPropertyMetadata {
          "name": "explanation",
          "nullable": false,
          "required": true,
          "type": "STRING",
        },
        "sqlSchema": SqlSchemaPropertyMetadata {
          "isArray": false,
          "isDatabaseGenerated": false,
          "isNullable": false,
          "isUpdatable": false,
          "name": "explanation",
          "reference": null,
        },
      },
    ],
  },
  SqlSchemaToDomainObjectRelationship {
    "decorations": {
      "alias": {
        "domainObject": null,
      },
      "unique": {
        "domainObject": [
          "externalId",
        ],
        "sqlSchema": [
          "external_id",
        ],
      },
    },
    "name": {
      "domainObject": "Invoice",
      "sqlSchema": "invoice",
    },
    "properties": [
      {
        "domainObject": DomainObjectPropertyMetadata {
          "name": "id",
          "nullable": false,
          "required": false,
          "type": "NUMBER",
        },
        "sqlSchema": SqlSchemaPropertyMetadata {
          "isArray": false,
          "isDatabaseGenerated": true,
          "isNullable": false,
          "isUpdatable": false,
          "name": "id",
          "reference": null,
        },
      },
      {
        "domainObject": DomainObjectPropertyMetadata {
          "name": "uuid",
          "nullable": false,
          "required": false,
          "type": "STRING",
        },
        "sqlSchema": SqlSchemaPropertyMetadata {
          "isArray": false,
          "isDatabaseGenerated": true,
          "isNullable": false,
          "isUpdatable": false,
          "name": "uuid",
          "reference": null,
        },
      },
      {
        "domainObject": null,
        "sqlSchema": SqlSchemaPropertyMetadata {
          "isArray": false,
          "isDatabaseGenerated": true,
          "isNullable": false,
          "isUpdatable": false,
          "name": "created_at",
          "reference": null,
        },
      },
      {
        "domainObject": null,
        "sqlSchema": SqlSchemaPropertyMetadata {
          "isArray": false,
          "isDatabaseGenerated": true,
          "isNullable": false,
          "isUpdatable": false,
          "name": "effective_at",
          "reference": null,
        },
      },
      {
        "domainObject": null,
        "sqlSchema": SqlSchemaPropertyMetadata {
          "isArray": false,
          "isDatabaseGenerated": true,
          "isNullable": false,
          "isUpdatable": false,
          "name": "updated_at",
          "reference": null,
        },
      },
      {
        "domainObject": DomainObjectPropertyMetadata {
          "name": "externalId",
          "nullable": false,
          "required": true,
          "type": "STRING",
        },
        "sqlSchema": SqlSchemaPropertyMetadata {
          "isArray": false,
          "isDatabaseGenerated": false,
          "isNullable": false,
          "isUpdatable": false,
          "name": "external_id",
          "reference": null,
        },
      },
      {
        "domainObject": DomainObjectPropertyMetadata {
          "name": "items",
          "nullable": false,
          "of": {
            "nullable": false,
            "of": DomainObjectReferenceMetadata {
              "extends": "DomainLiteral",
              "name": "InvoiceLineItem",
            },
            "required": true,
            "type": "REFERENCE",
          },
          "required": true,
          "type": "ARRAY",
        },
        "sqlSchema": SqlSchemaPropertyMetadata {
          "isArray": true,
          "isDatabaseGenerated": false,
          "isNullable": false,
          "isUpdatable": true,
          "name": "item_ids",
          "reference": SqlSchemaReferenceMetadata {
            "method": "DIRECT_BY_NESTING",
            "of": DomainObjectReferenceMetadata {
              "extends": "DomainLiteral",
              "name": "InvoiceLineItem",
            },
          },
        },
      },
      {
        "domainObject": DomainObjectPropertyMetadata {
          "name": "totalPrice",
          "nullable": false,
          "of": DomainObjectReferenceMetadata {
            "extends": "DomainLiteral",
            "name": "Price",
          },
          "required": true,
          "type": "REFERENCE",
        },
        "sqlSchema": SqlSchemaPropertyMetadata {
          "isArray": false,
          "isDatabaseGenerated": false,
          "isNullable": false,
          "isUpdatable": true,
          "name": "total_price_id",
          "reference": SqlSchemaReferenceMetadata {
            "method": "DIRECT_BY_NESTING",
            "of": DomainObjectReferenceMetadata {
              "extends": "DomainLiteral",
              "name": "Price",
            },
          },
        },
      },
      {
        "domainObject": DomainObjectPropertyMetadata {
          "name": "status",
          "nullable": false,
          "of": [
            "PROPOSED",
            "ISSUED",
            "PAID",
            "REFUNDED",
            "CANCELED",
            "FAILED",
          ],
          "required": true,
          "type": "ENUM",
        },
        "sqlSchema": SqlSchemaPropertyMetadata {
          "isArray": false,
          "isDatabaseGenerated": false,
          "isNullable": false,
          "isUpdatable": true,
          "name": "status",
          "reference": null,
        },
      },
    ],
  },
]
`;
