// Jest Snapshot v1, https://goo.gl/fbAQLP

exports[`defineSqlSchemaControlCodeFilesForDomainObjects should work on the example project 1`] = `
GeneratedCodeFile {
  "content": "# carriage
- type: resource
  path: ./tables/carriage.sql
- type: resource
  path: ./functions/upsert_carriage.sql

# certificate
- type: resource
  path: ./tables/certificate.sql
- type: resource
  path: ./functions/upsert_certificate.sql

# geocode
- type: resource
  path: ./tables/geocode.sql
- type: resource
  path: ./functions/upsert_geocode.sql

# locomotive
- type: resource
  path: ./tables/locomotive.sql
- type: resource
  path: ./tables/locomotive_version.sql
- type: resource
  path: ./tables/locomotive_cvp.sql
- type: resource
  path: ./views/view_locomotive_current.sql
- type: resource
  path: ./functions/upsert_locomotive.sql

# price
- type: resource
  path: ./tables/price.sql
- type: resource
  path: ./functions/upsert_price.sql

# train_engineer
- type: resource
  path: ./tables/train_engineer.sql
- type: resource
  path: ./tables/train_engineer_version.sql
- type: resource
  path: ./tables/train_engineer_version_to_certificate.sql
- type: resource
  path: ./tables/train_engineer_version_to_license_uuid.sql
- type: resource
  path: ./tables/train_engineer_cvp.sql
- type: resource
  path: ./views/view_train_engineer_current.sql
- type: resource
  path: ./functions/upsert_train_engineer.sql

# train_station
- type: resource
  path: ./tables/train_station.sql
- type: resource
  path: ./tables/train_station_version.sql
- type: resource
  path: ./tables/train_station_cvp.sql
- type: resource
  path: ./views/view_train_station_current.sql
- type: resource
  path: ./functions/upsert_train_station.sql

# invoice_line_item
- type: resource
  path: ./tables/invoice_line_item.sql
- type: resource
  path: ./functions/upsert_invoice_line_item.sql

# train
- type: resource
  path: ./tables/train.sql
- type: resource
  path: ./tables/train_to_locomotive.sql
- type: resource
  path: ./tables/train_to_carriage.sql
- type: resource
  path: ./tables/train_to_train_engineer.sql
- type: resource
  path: ./tables/train_version.sql
- type: resource
  path: ./tables/train_cvp.sql
- type: resource
  path: ./views/view_train_current.sql
- type: resource
  path: ./functions/upsert_train.sql

# train_located_event
- type: resource
  path: ./tables/train_located_event.sql
- type: resource
  path: ./functions/upsert_train_located_event.sql

# async_task_predict_station_congestion
- type: resource
  path: ./tables/async_task_predict_station_congestion.sql
- type: resource
  path: ./tables/async_task_predict_station_congestion_version.sql
- type: resource
  path: ./tables/async_task_predict_station_congestion_cvp.sql
- type: resource
  path: ./views/view_async_task_predict_station_congestion_current.sql
- type: resource
  path: ./functions/upsert_async_task_predict_station_congestion.sql

# invoice
- type: resource
  path: ./tables/invoice.sql
- type: resource
  path: ./tables/invoice_version.sql
- type: resource
  path: ./tables/invoice_version_to_invoice_line_item.sql
- type: resource
  path: ./tables/invoice_cvp.sql
- type: resource
  path: ./views/view_invoice_current.sql
- type: resource
  path: ./functions/upsert_invoice.sql",
  "relpath": "./domain.control.yml",
}
`;
